[01:49:36] [ServerMain/INFO]: Environment: Environment[sessionHost=https://sessionserver.mojang.com, servicesHost=https://api.minecraftservices.com, profilesHost=https://api.mojang.com, name=PROD]
[01:49:40] [ServerMain/INFO]: Loaded 1461 recipes
[01:49:40] [ServerMain/INFO]: Loaded 1574 advancements
[01:49:40] [Server thread/INFO]: Starting minecraft server version 1.21.10
[01:49:40] [Server thread/INFO]: Loading properties
[01:49:40] [Server thread/INFO]: Default game type: SURVIVAL
[01:49:40] [Server thread/INFO]: Generating keypair
[01:49:40] [Server thread/INFO]: Starting Minecraft server on *:25565
[01:49:40] [Server thread/INFO]: Using epoll channel type
[01:49:40] [Server thread/WARN]: **** SERVER IS RUNNING IN OFFLINE/INSECURE MODE!
[01:49:40] [Server thread/WARN]: The server will make no attempt to authenticate usernames. Beware.
[01:49:40] [Server thread/WARN]: While this makes the game possible to play without internet access, it also opens up the ability for hackers to connect with any username they choose.
[01:49:40] [Server thread/WARN]: To change this, set "online-mode" to "true" in the server.properties file.
[01:49:40] [Server thread/INFO]: Preparing level "world"
[01:49:41] [Server thread/INFO]: Loading 0 persistent chunks...
[01:49:41] [Server thread/INFO]: Preparing spawn area: 100%
[01:49:41] [Server thread/INFO]: Time elapsed: 17 ms
[01:49:41] [Server thread/INFO]: Done (0.448s)! For help, type "help"
[01:49:59] [Server thread/INFO]: Cafster[/100.123.85.55:53024] logged in with entity id 21 at (7.5, 69.0, 9.5)
[01:49:59] [Server thread/INFO]: Cafster joined the game
[01:50:38] [Server thread/INFO]: xztarfash_l0lx[/100.75.135.23:63030] logged in with entity id 295 at (7.5, 77.0, 7.5)
[01:50:38] [Server thread/INFO]: xztarfash_l0lx joined the game
[01:51:33] [Server thread/INFO]: xztarfash_l0lx has made the advancement [Stone Age]
[01:51:39] [Server thread/INFO]: Naannoo[/100.73.32.96:62160] logged in with entity id 1053 at (0.5, 67.0, -2.5)
[01:51:39] [Server thread/INFO]: Naannoo joined the game
[01:51:49] [Server thread/INFO]: Cafster has made the advancement [Stone Age]
[01:51:58] [Server thread/INFO]: xztarfash_l0lx has made the advancement [Getting an Upgrade]
[01:52:19] [Server thread/WARN]: Can't keep up! Is the server overloaded? Running 2159ms or 43 ticks behind
[01:52:38] [Server thread/INFO]: Cafster has made the advancement [Getting an Upgrade]
[01:52:50] [Server thread/INFO]: [Not Secure] <Naannoo> no puedo hablar
[01:52:57] [Server thread/INFO]: [Not Secure] <Naannoo> tengo la vieja culia durmiendo aqui
[01:53:42] [Server thread/INFO]: Naannoo was slain by xztarfash_l0lx
[01:53:47] [Server thread/INFO]: Cafster lost connection: Disconnected
[01:53:47] [Server thread/INFO]: Cafster left the game
[01:53:52] [Server thread/INFO]: xztarfash_l0lx lost connection: Disconnected
[01:53:52] [Server thread/INFO]: xztarfash_l0lx left the game
[01:53:56] [Server thread/INFO]: Unknown or incomplete command. See below for error
[01:53:56] [Server thread/INFO]: sstop<--[HERE]
[01:53:59] [Server thread/INFO]: Stopping the server
[01:53:59] [Server thread/INFO]: Stopping server
[01:53:59] [Server thread/INFO]: Saving players
[01:53:59] [Server thread/INFO]: Naannoo lost connection: Server closed
[01:53:59] [Server thread/INFO]: Naannoo left the game
[01:53:59] [Server thread/INFO]: Saving worlds
[01:53:59] [Server thread/INFO]: Saving chunks for level 'ServerLevel[world]'/minecraft:overworld
[01:53:59] [Server thread/INFO]: Saving chunks for level 'ServerLevel[world]'/minecraft:the_nether
[01:53:59] [Server thread/INFO]: Saving chunks for level 'ServerLevel[world]'/minecraft:the_end
[01:53:59] [Server thread/INFO]: ThreadedAnvilChunkStorage (world): All chunks are saved
[01:53:59] [Server thread/INFO]: ThreadedAnvilChunkStorage (DIM-1): All chunks are saved
[01:53:59] [Server thread/INFO]: ThreadedAnvilChunkStorage (DIM1): All chunks are saved
[01:53:59] [Server thread/INFO]: ThreadedAnvilChunkStorage: All dimensions are saved
